Information: Updating design information... (UID-85)
 
****************************************
Report : constraint
        -all_violators
Design : mips
Version: K-2015.06-SP5-6
Date   : Sun Dec  1 23:57:39 2019
****************************************


   min_capacitance

                             Required        Actual
   Net                      Capacitance    Capacitance       Slack
   -----------------------------------------------------------------
   adr[0]                       0.00           0.00           0.00  (VIOLATED: increase significant digits)
   adr[1]                       0.00           0.00           0.00  (VIOLATED: increase significant digits)
   adr[2]                       0.00           0.00           0.00  (VIOLATED: increase significant digits)
   adr[3]                       0.00           0.00           0.00  (VIOLATED: increase significant digits)
   adr[4]                       0.00           0.00           0.00  (VIOLATED: increase significant digits)
   adr[5]                       0.00           0.00           0.00  (VIOLATED: increase significant digits)
   adr[6]                       0.00           0.00           0.00  (VIOLATED: increase significant digits)
   adr[7]                       0.00           0.00           0.00  (VIOLATED: increase significant digits)
   memread                      0.00           0.00           0.00  (VIOLATED: increase significant digits)
   cont/ac/n28                  0.00           0.00           0.00  (VIOLATED: increase significant digits)
   dp/a[1]                      0.00           0.00           0.00  (VIOLATED: increase significant digits)
   dp/a[2]                      0.00           0.00           0.00  (VIOLATED: increase significant digits)
   dp/a[3]                      0.00           0.00           0.00  (VIOLATED: increase significant digits)
   dp/a[4]                      0.00           0.00           0.00  (VIOLATED: increase significant digits)
   dp/a[5]                      0.00           0.00           0.00  (VIOLATED: increase significant digits)
   dp/a[6]                      0.00           0.00           0.00  (VIOLATED: increase significant digits)
   dp/a[7]                      0.00           0.00           0.00  (VIOLATED: increase significant digits)
   dp/data[0]                   0.00           0.00           0.00  (VIOLATED: increase significant digits)
   dp/data[1]                   0.00           0.00           0.00  (VIOLATED: increase significant digits)
   dp/data[2]                   0.00           0.00           0.00  (VIOLATED: increase significant digits)
   dp/data[3]                   0.00           0.00           0.00  (VIOLATED: increase significant digits)
   dp/data[4]                   0.00           0.00           0.00  (VIOLATED: increase significant digits)
   dp/data[5]                   0.00           0.00           0.00  (VIOLATED: increase significant digits)
   dp/data[6]                   0.00           0.00           0.00  (VIOLATED: increase significant digits)
   dp/data[7]                   0.00           0.00           0.00  (VIOLATED: increase significant digits)
   dp/rf/n177                   0.00           0.00           0.00  (VIOLATED: increase significant digits)
   dp/rf/n186                   0.00           0.00           0.00  (VIOLATED: increase significant digits)
   dp/rf/n195                   0.00           0.00           0.00  (VIOLATED: increase significant digits)
   dp/rf/n260                   0.00           0.00           0.00  (VIOLATED: increase significant digits)
   dp/rf/n269                   0.00           0.00           0.00  (VIOLATED: increase significant digits)
   dp/rf/n278                   0.00           0.00           0.00  (VIOLATED: increase significant digits)
   dp/rf/n288                   0.00           0.00           0.00  (VIOLATED: increase significant digits)
   dp/rf/n301                   0.00           0.00           0.00  (VIOLATED: increase significant digits)
   dp/rf/n310                   0.00           0.00           0.00  (VIOLATED: increase significant digits)
   dp/rf/n319                   0.00           0.00           0.00  (VIOLATED: increase significant digits)
   dp/rf/n328                   0.00           0.00           0.00  (VIOLATED: increase significant digits)
   dp/rf/n337                   0.00           0.00           0.00  (VIOLATED: increase significant digits)
   dp/rf/n346                   0.00           0.00           0.00  (VIOLATED: increase significant digits)
   dp/rf/n355                   0.00           0.00           0.00  (VIOLATED: increase significant digits)
   dp/rf/n364                   0.00           0.00           0.00  (VIOLATED: increase significant digits)
   dp/rf/n378                   0.00           0.00           0.00  (VIOLATED: increase significant digits)
   dp/alunit/addblock/n90       0.00           0.00           0.00  (VIOLATED: increase significant digits)
   dp/alunit/addblock/n101      0.00           0.00           0.00  (VIOLATED: increase significant digits)
   dp/rf/n178                   0.00           0.00           0.00  (VIOLATED: increase significant digits)
   dp/rf/n187                   0.00           0.00           0.00  (VIOLATED: increase significant digits)
   dp/rf/n196                   0.00           0.00           0.00  (VIOLATED: increase significant digits)
   dp/rf/n261                   0.00           0.00           0.00  (VIOLATED: increase significant digits)
   dp/rf/n270                   0.00           0.00           0.00  (VIOLATED: increase significant digits)
   dp/rf/n279                   0.00           0.00           0.00  (VIOLATED: increase significant digits)
   dp/rf/n289                   0.00           0.00           0.00  (VIOLATED: increase significant digits)
   dp/rf/n302                   0.00           0.00           0.00  (VIOLATED: increase significant digits)
   dp/rf/n311                   0.00           0.00           0.00  (VIOLATED: increase significant digits)
   dp/rf/n320                   0.00           0.00           0.00  (VIOLATED: increase significant digits)
   dp/rf/n329                   0.00           0.00           0.00  (VIOLATED: increase significant digits)
   dp/rf/n338                   0.00           0.00           0.00  (VIOLATED: increase significant digits)
   dp/rf/n347                   0.00           0.00           0.00  (VIOLATED: increase significant digits)
   dp/rf/n356                   0.00           0.00           0.00  (VIOLATED: increase significant digits)
   dp/rf/n365                   0.00           0.00           0.00  (VIOLATED: increase significant digits)
   dp/rf/n379                   0.00           0.00           0.00  (VIOLATED: increase significant digits)
   cont/ac/n23                  0.00           0.00           0.00  (VIOLATED: increase significant digits)
   cont/n3                      0.00           0.00           0.00  (VIOLATED: increase significant digits)
   cont/statelog/n76            0.00           0.00           0.00  (VIOLATED: increase significant digits)
   cont/statelog/n79            0.00           0.00           0.00  (VIOLATED: increase significant digits)
   cont/statelog/n83            0.00           0.00           0.00  (VIOLATED: increase significant digits)
   cont/statelog/n102           0.00           0.00           0.00  (VIOLATED: increase significant digits)
   dp/a[0]                      0.00           0.00           0.00  (VIOLATED: increase significant digits)
   dp/alunit/addblock/n62       0.00           0.00           0.00  (VIOLATED: increase significant digits)
   dp/alunit/addblock/n77       0.00           0.00           0.00  (VIOLATED: increase significant digits)
   dp/alunit/addblock/n92       0.00           0.00           0.00  (VIOLATED: increase significant digits)
   dp/alunit/addblock/n109      0.00           0.00           0.00  (VIOLATED: increase significant digits)
   dp/alunit/addblock/n118      0.00           0.00           0.00  (VIOLATED: increase significant digits)
   dp/alunit/addblock/n120      0.00           0.00           0.00  (VIOLATED: increase significant digits)
   dp/alunit/andresult[1]       0.00           0.00           0.00  (VIOLATED: increase significant digits)
   dp/alunit/andresult[2]       0.00           0.00           0.00  (VIOLATED: increase significant digits)
   dp/alunit/andresult[3]       0.00           0.00           0.00  (VIOLATED: increase significant digits)
   dp/alunit/resultmux/n43      0.00           0.00           0.00  (VIOLATED: increase significant digits)
   dp/alunit/resultmux/n44      0.00           0.00           0.00  (VIOLATED: increase significant digits)
   dp/alunit/resultmux/n45      0.00           0.00           0.00  (VIOLATED: increase significant digits)
   dp/alunit/resultmux/n70      0.00           0.00           0.00  (VIOLATED: increase significant digits)
   dp/alunit/sumresult[2]       0.00           0.00           0.00  (VIOLATED: increase significant digits)
   dp/nextpc[0]                 0.00           0.00           0.00  (VIOLATED: increase significant digits)
   dp/nextpc[1]                 0.00           0.00           0.00  (VIOLATED: increase significant digits)
   dp/nextpc[2]                 0.00           0.00           0.00  (VIOLATED: increase significant digits)
   dp/nextpc[3]                 0.00           0.00           0.00  (VIOLATED: increase significant digits)
   dp/nextpc[4]                 0.00           0.00           0.00  (VIOLATED: increase significant digits)
   dp/nextpc[5]                 0.00           0.00           0.00  (VIOLATED: increase significant digits)
   dp/nextpc[6]                 0.00           0.00           0.00  (VIOLATED: increase significant digits)
   dp/nextpc[7]                 0.00           0.00           0.00  (VIOLATED: increase significant digits)
   dp/pcmux/n29                 0.00           0.00           0.00  (VIOLATED: increase significant digits)
   dp/pcreg/n30                 0.00           0.00           0.00  (VIOLATED: increase significant digits)
   dp/pcreg/n32                 0.00           0.00           0.00  (VIOLATED: increase significant digits)
   dp/pcreg/n35                 0.00           0.00           0.00  (VIOLATED: increase significant digits)
   dp/pcreg/n36                 0.00           0.00           0.00  (VIOLATED: increase significant digits)
   dp/pcreg/n38                 0.00           0.00           0.00  (VIOLATED: increase significant digits)
   dp/pcreg/n40                 0.00           0.00           0.00  (VIOLATED: increase significant digits)
   dp/pcreg/n42                 0.00           0.00           0.00  (VIOLATED: increase significant digits)
   dp/pcreg/n45                 0.00           0.00           0.00  (VIOLATED: increase significant digits)
   dp/rf/n173                   0.00           0.00           0.00  (VIOLATED: increase significant digits)
   dp/rf/n182                   0.00           0.00           0.00  (VIOLATED: increase significant digits)
   dp/rf/n191                   0.00           0.00           0.00  (VIOLATED: increase significant digits)
   dp/rf/n256                   0.00           0.00           0.00  (VIOLATED: increase significant digits)
   dp/rf/n265                   0.00           0.00           0.00  (VIOLATED: increase significant digits)
   dp/rf/n274                   0.00           0.00           0.00  (VIOLATED: increase significant digits)
   dp/rf/n284                   0.00           0.00           0.00  (VIOLATED: increase significant digits)
   dp/rf/n297                   0.00           0.00           0.00  (VIOLATED: increase significant digits)
   dp/rf/n306                   0.00           0.00           0.00  (VIOLATED: increase significant digits)
   dp/rf/n315                   0.00           0.00           0.00  (VIOLATED: increase significant digits)
   dp/rf/n324                   0.00           0.00           0.00  (VIOLATED: increase significant digits)
   dp/rf/n333                   0.00           0.00           0.00  (VIOLATED: increase significant digits)
   dp/rf/n342                   0.00           0.00           0.00  (VIOLATED: increase significant digits)
   dp/rf/n351                   0.00           0.00           0.00  (VIOLATED: increase significant digits)
   dp/rf/n360                   0.00           0.00           0.00  (VIOLATED: increase significant digits)
   dp/rf/n374                   0.00           0.00           0.00  (VIOLATED: increase significant digits)
   dp/src1mux/n7                0.00           0.00           0.00  (VIOLATED: increase significant digits)
   dp/src2mux/n43               0.00           0.00           0.00  (VIOLATED: increase significant digits)
   dp/src2mux/n45               0.00           0.00           0.00  (VIOLATED: increase significant digits)
   writedata[1]                 0.00           0.00           0.00  (VIOLATED: increase significant digits)
   writedata[2]                 0.00           0.00           0.00  (VIOLATED: increase significant digits)
   writedata[3]                 0.00           0.00           0.00  (VIOLATED: increase significant digits)
   writedata[4]                 0.00           0.00           0.00  (VIOLATED: increase significant digits)
   writedata[5]                 0.00           0.00           0.00  (VIOLATED: increase significant digits)
   writedata[6]                 0.00           0.00           0.00  (VIOLATED: increase significant digits)
   writedata[7]                 0.00           0.00           0.00  (VIOLATED: increase significant digits)
   cont/ac/n19                  0.00           0.00           0.00  (VIOLATED: increase significant digits)
   dp/alunit/addblock/n111      0.00           0.00           0.00  (VIOLATED: increase significant digits)
   dp/alunit/resultmux/n48      0.00           0.00           0.00  (VIOLATED: increase significant digits)
   dp/alunit/resultmux/n51      0.00           0.00           0.00  (VIOLATED: increase significant digits)
   dp/alunit/resultmux/n54      0.00           0.00           0.00  (VIOLATED: increase significant digits)
   dp/alunit/resultmux/n57      0.00           0.00           0.00  (VIOLATED: increase significant digits)
   dp/alunit/resultmux/n68      0.00           0.00           0.00  (VIOLATED: increase significant digits)
   dp/alunit/zd/n12             0.00           0.00           0.00  (VIOLATED: increase significant digits)
   dp/pcmux/n40                 0.00           0.00           0.00  (VIOLATED: increase significant digits)
   dp/alunit/addblock/n70       0.00           0.00           0.00  (VIOLATED: increase significant digits)
   dp/alunit/resultmux/n49      0.00           0.00           0.00  (VIOLATED: increase significant digits)
   dp/alunit/resultmux/n52      0.00           0.00           0.00  (VIOLATED: increase significant digits)
   dp/alunit/resultmux/n55      0.00           0.00           0.00  (VIOLATED: increase significant digits)
   dp/alunit/resultmux/n58      0.00           0.00           0.00  (VIOLATED: increase significant digits)
   dp/alunit/resultmux/n69      0.00           0.00           0.00  (VIOLATED: increase significant digits)
   dp/alunit/zd/n13             0.00           0.00           0.00  (VIOLATED: increase significant digits)
   dp/pcmux/n41                 0.00           0.00           0.00  (VIOLATED: increase significant digits)
   dp/pcreg/n29                 0.00           0.00           0.00  (VIOLATED: increase significant digits)
   cont/ac/n15                  0.00           0.00           0.00  (VIOLATED: increase significant digits)
   cont/n4                      0.00           0.00           0.00  (VIOLATED: increase significant digits)
   cont/outputlog/n25           0.00           0.00           0.00  (VIOLATED: increase significant digits)
   cont/outputlog/n26           0.00           0.00           0.00  (VIOLATED: increase significant digits)
   cont/statelog/n71            0.00           0.00           0.00  (VIOLATED: increase significant digits)
   cont/statelog/n77            0.00           0.00           0.00  (VIOLATED: increase significant digits)
   cont/statelog/n80            0.00           0.00           0.00  (VIOLATED: increase significant digits)
   cont/statelog/n81            0.00           0.00           0.00  (VIOLATED: increase significant digits)
   cont/statelog/n84            0.00           0.00           0.00  (VIOLATED: increase significant digits)
   cont/statelog/n85            0.00           0.00           0.00  (VIOLATED: increase significant digits)
   cont/statelog/n99            0.00           0.00           0.00  (VIOLATED: increase significant digits)
   cont/statelog/n101           0.00           0.00           0.00  (VIOLATED: increase significant digits)
   cont/statelog/n104           0.00           0.00           0.00  (VIOLATED: increase significant digits)
   cont/statelog/n106           0.00           0.00           0.00  (VIOLATED: increase significant digits)
   dp/alunit/addblock/n61       0.00           0.00           0.00  (VIOLATED: increase significant digits)
   dp/alunit/addblock/n63       0.00           0.00           0.00  (VIOLATED: increase significant digits)
   dp/alunit/addblock/n65       0.00           0.00           0.00  (VIOLATED: increase significant digits)
   dp/alunit/addblock/n72       0.00           0.00           0.00  (VIOLATED: increase significant digits)
   dp/alunit/addblock/n78       0.00           0.00           0.00  (VIOLATED: increase significant digits)
   dp/alunit/addblock/n86       0.00           0.00           0.00  (VIOLATED: increase significant digits)
   dp/alunit/addblock/n88       0.00           0.00           0.00  (VIOLATED: increase significant digits)
   dp/alunit/addblock/n112      0.00           0.00           0.00  (VIOLATED: increase significant digits)
   dp/alunit/addblock/n116      0.00           0.00           0.00  (VIOLATED: increase significant digits)
   dp/alunit/addblock/n119      0.00           0.00           0.00  (VIOLATED: increase significant digits)
   dp/alunit/addblock/n121      0.00           0.00           0.00  (VIOLATED: increase significant digits)
   dp/alunit/andresult[0]       0.00           0.00           0.00  (VIOLATED: increase significant digits)
   dp/alunit/andresult[4]       0.00           0.00           0.00  (VIOLATED: increase significant digits)
   dp/alunit/andresult[5]       0.00           0.00           0.00  (VIOLATED: increase significant digits)
   dp/alunit/andresult[6]       0.00           0.00           0.00  (VIOLATED: increase significant digits)
   dp/alunit/andresult[7]       0.00           0.00           0.00  (VIOLATED: increase significant digits)
   dp/alunit/orresult[0]        0.00           0.00           0.00  (VIOLATED: increase significant digits)
   dp/alunit/orresult[1]        0.00           0.00           0.00  (VIOLATED: increase significant digits)
   dp/alunit/orresult[2]        0.00           0.00           0.00  (VIOLATED: increase significant digits)
   dp/alunit/orresult[3]        0.00           0.00           0.00  (VIOLATED: increase significant digits)
   dp/alunit/orresult[4]        0.00           0.00           0.00  (VIOLATED: increase significant digits)
   dp/alunit/orresult[5]        0.00           0.00           0.00  (VIOLATED: increase significant digits)
   dp/alunit/orresult[6]        0.00           0.00           0.00  (VIOLATED: increase significant digits)
   dp/alunit/orresult[7]        0.00           0.00           0.00  (VIOLATED: increase significant digits)
   dp/alunit/resultmux/n50      0.00           0.00           0.00  (VIOLATED: increase significant digits)
   dp/alunit/resultmux/n53      0.00           0.00           0.00  (VIOLATED: increase significant digits)
   dp/alunit/resultmux/n56      0.00           0.00           0.00  (VIOLATED: increase significant digits)
   dp/alunit/resultmux/n71      0.00           0.00           0.00  (VIOLATED: increase significant digits)
   dp/alunit/sumresult[0]       0.00           0.00           0.00  (VIOLATED: increase significant digits)
   dp/alunit/sumresult[1]       0.00           0.00           0.00  (VIOLATED: increase significant digits)
   dp/alunit/sumresult[3]       0.00           0.00           0.00  (VIOLATED: increase significant digits)
   dp/alunit/sumresult[4]       0.00           0.00           0.00  (VIOLATED: increase significant digits)
   dp/alunit/sumresult[5]       0.00           0.00           0.00  (VIOLATED: increase significant digits)
   dp/alunit/sumresult[6]       0.00           0.00           0.00  (VIOLATED: increase significant digits)
   dp/pcmux/n30                 0.00           0.00           0.00  (VIOLATED: increase significant digits)
   dp/pcreg/n31                 0.00           0.00           0.00  (VIOLATED: increase significant digits)
   dp/pcreg/n33                 0.00           0.00           0.00  (VIOLATED: increase significant digits)
   dp/pcreg/n34                 0.00           0.00           0.00  (VIOLATED: increase significant digits)
   dp/pcreg/n37                 0.00           0.00           0.00  (VIOLATED: increase significant digits)
   dp/pcreg/n39                 0.00           0.00           0.00  (VIOLATED: increase significant digits)
   dp/pcreg/n41                 0.00           0.00           0.00  (VIOLATED: increase significant digits)
   dp/pcreg/n43                 0.00           0.00           0.00  (VIOLATED: increase significant digits)
   dp/pcreg/n46                 0.00           0.00           0.00  (VIOLATED: increase significant digits)
   dp/src1mux/n6                0.00           0.00           0.00  (VIOLATED: increase significant digits)
   dp/src1mux/n8                0.00           0.00           0.00  (VIOLATED: increase significant digits)
   dp/src2mux/n44               0.00           0.00           0.00  (VIOLATED: increase significant digits)
   dp/src2mux/n46               0.00           0.00           0.00  (VIOLATED: increase significant digits)
   zero                         0.00           0.00           0.00  (VIOLATED: increase significant digits)
   cont/outputlog/n40           0.00           0.00           0.00  (VIOLATED: increase significant digits)
   cont/statelog/n58            0.00           0.00           0.00  (VIOLATED: increase significant digits)
   cont/statelog/n60            0.00           0.00           0.00  (VIOLATED: increase significant digits)
   dp/alunit/zd/n11             0.00           0.00           0.00  (VIOLATED: increase significant digits)
   dp/rf/n383                   0.00           0.00           0.00  (VIOLATED: increase significant digits)
   cont/statelog/n55            0.00           0.00           0.00  (VIOLATED: increase significant digits)
   dp/alunit/zd/n8              0.00           0.00           0.00  (VIOLATED: increase significant digits)
   dp/alunit/zd/n9              0.00           0.00           0.00  (VIOLATED: increase significant digits)
   dp/alunit/zd/n10             0.00           0.00           0.00  (VIOLATED: increase significant digits)
   memwrite                     0.00           0.00           0.00  (VIOLATED: increase significant digits)
   cont/ac/n17                  0.00           0.00           0.00  (VIOLATED: increase significant digits)
   cont/ac/n20                  0.00           0.00           0.00  (VIOLATED: increase significant digits)
   cont/ac/n25                  0.00           0.00           0.00  (VIOLATED: increase significant digits)
   cont/statelog/n54            0.00           0.00           0.00  (VIOLATED: increase significant digits)
   cont/statelog/n56            0.00           0.00           0.00  (VIOLATED: increase significant digits)
   cont/statelog/n66            0.00           0.00           0.00  (VIOLATED: increase significant digits)
   cont/statelog/n69            0.00           0.00           0.00  (VIOLATED: increase significant digits)
   cont/statelog/n72            0.00           0.00           0.00  (VIOLATED: increase significant digits)
   cont/statelog/n92            0.00           0.00           0.00  (VIOLATED: increase significant digits)
   dp/alunit/addblock/n64       0.00           0.00           0.00  (VIOLATED: increase significant digits)
   dp/alunit/addblock/n113      0.00           0.00           0.00  (VIOLATED: increase significant digits)
   dp/alunit/addblock/n122      0.00           0.00           0.00  (VIOLATED: increase significant digits)
   dp/alunit/resultmux/n59      0.00           0.00           0.00  (VIOLATED: increase significant digits)
   dp/alunit/resultmux/n62      0.00           0.00           0.00  (VIOLATED: increase significant digits)
   dp/alunit/resultmux/n65      0.00           0.00           0.00  (VIOLATED: increase significant digits)
   dp/alunit/resultmux/n75      0.00           0.00           0.00  (VIOLATED: increase significant digits)
   dp/pcmux/n31                 0.00           0.00           0.00  (VIOLATED: increase significant digits)
   dp/pcmux/n34                 0.00           0.00           0.00  (VIOLATED: increase significant digits)
   dp/pcmux/n37                 0.00           0.00           0.00  (VIOLATED: increase significant digits)
   dp/pcmux/n42                 0.00           0.00           0.00  (VIOLATED: increase significant digits)
   dp/pcmux/n45                 0.00           0.00           0.00  (VIOLATED: increase significant digits)
   dp/pcmux/n50                 0.00           0.00           0.00  (VIOLATED: increase significant digits)
   dp/rf/n170                   0.00           0.00           0.00  (VIOLATED: increase significant digits)
   dp/rf/n174                   0.00           0.00           0.00  (VIOLATED: increase significant digits)
   dp/rf/n179                   0.00           0.00           0.00  (VIOLATED: increase significant digits)
   dp/rf/n183                   0.00           0.00           0.00  (VIOLATED: increase significant digits)
   dp/rf/n188                   0.00           0.00           0.00  (VIOLATED: increase significant digits)
   dp/rf/n192                   0.00           0.00           0.00  (VIOLATED: increase significant digits)
   dp/rf/n197                   0.00           0.00           0.00  (VIOLATED: increase significant digits)
   dp/rf/n257                   0.00           0.00           0.00  (VIOLATED: increase significant digits)
   dp/rf/n262                   0.00           0.00           0.00  (VIOLATED: increase significant digits)
   dp/rf/n266                   0.00           0.00           0.00  (VIOLATED: increase significant digits)
   dp/rf/n271                   0.00           0.00           0.00  (VIOLATED: increase significant digits)
   dp/rf/n275                   0.00           0.00           0.00  (VIOLATED: increase significant digits)
   dp/rf/n280                   0.00           0.00           0.00  (VIOLATED: increase significant digits)
   dp/rf/n285                   0.00           0.00           0.00  (VIOLATED: increase significant digits)
   dp/rf/n292                   0.00           0.00           0.00  (VIOLATED: increase significant digits)
   dp/rf/n298                   0.00           0.00           0.00  (VIOLATED: increase significant digits)
   dp/rf/n303                   0.00           0.00           0.00  (VIOLATED: increase significant digits)
   dp/rf/n307                   0.00           0.00           0.00  (VIOLATED: increase significant digits)
   dp/rf/n312                   0.00           0.00           0.00  (VIOLATED: increase significant digits)
   dp/rf/n316                   0.00           0.00           0.00  (VIOLATED: increase significant digits)
   dp/rf/n321                   0.00           0.00           0.00  (VIOLATED: increase significant digits)
   dp/rf/n325                   0.00           0.00           0.00  (VIOLATED: increase significant digits)
   dp/rf/n330                   0.00           0.00           0.00  (VIOLATED: increase significant digits)
   dp/rf/n334                   0.00           0.00           0.00  (VIOLATED: increase significant digits)
   dp/rf/n339                   0.00           0.00           0.00  (VIOLATED: increase significant digits)
   dp/rf/n343                   0.00           0.00           0.00  (VIOLATED: increase significant digits)
   dp/rf/n348                   0.00           0.00           0.00  (VIOLATED: increase significant digits)
   dp/rf/n352                   0.00           0.00           0.00  (VIOLATED: increase significant digits)
   dp/rf/n357                   0.00           0.00           0.00  (VIOLATED: increase significant digits)
   dp/rf/n361                   0.00           0.00           0.00  (VIOLATED: increase significant digits)
   dp/rf/n368                   0.00           0.00           0.00  (VIOLATED: increase significant digits)
   dp/rf/n375                   0.00           0.00           0.00  (VIOLATED: increase significant digits)
   dp/src2mux/n49               0.00           0.00           0.00  (VIOLATED: increase significant digits)
   dp/src2mux/n52               0.00           0.00           0.00  (VIOLATED: increase significant digits)
   dp/src2mux/n55               0.00           0.00           0.00  (VIOLATED: increase significant digits)
   dp/src2mux/n58               0.00           0.00           0.00  (VIOLATED: increase significant digits)
   dp/src2mux/n61               0.00           0.00           0.00  (VIOLATED: increase significant digits)
   dp/src2mux/n66               0.00           0.00           0.00  (VIOLATED: increase significant digits)
   cont/ac/n18                  0.00           0.00           0.00  (VIOLATED: increase significant digits)
   cont/ac/n21                  0.00           0.00           0.00  (VIOLATED: increase significant digits)
   cont/statelog/n61            0.00           0.00           0.00  (VIOLATED: increase significant digits)
   cont/statelog/n64            0.00           0.00           0.00  (VIOLATED: increase significant digits)
   cont/statelog/n67            0.00           0.00           0.00  (VIOLATED: increase significant digits)
   cont/statelog/n93            0.00           0.00           0.00  (VIOLATED: increase significant digits)
   dp/alunit/addblock/n66       0.00           0.00           0.00  (VIOLATED: increase significant digits)
   dp/alunit/addblock/n123      0.00           0.00           0.00  (VIOLATED: increase significant digits)
   dp/alunit/resultmux/n60      0.00           0.00           0.00  (VIOLATED: increase significant digits)
   dp/alunit/resultmux/n63      0.00           0.00           0.00  (VIOLATED: increase significant digits)
   dp/alunit/resultmux/n66      0.00           0.00           0.00  (VIOLATED: increase significant digits)
   dp/alunit/resultmux/n76      0.00           0.00           0.00  (VIOLATED: increase significant digits)
   dp/pcmux/n32                 0.00           0.00           0.00  (VIOLATED: increase significant digits)
   dp/pcmux/n35                 0.00           0.00           0.00  (VIOLATED: increase significant digits)
   dp/pcmux/n38                 0.00           0.00           0.00  (VIOLATED: increase significant digits)
   dp/pcmux/n43                 0.00           0.00           0.00  (VIOLATED: increase significant digits)
   dp/pcmux/n46                 0.00           0.00           0.00  (VIOLATED: increase significant digits)
   dp/pcmux/n51                 0.00           0.00           0.00  (VIOLATED: increase significant digits)
   dp/rf/n171                   0.00           0.00           0.00  (VIOLATED: increase significant digits)
   dp/rf/n175                   0.00           0.00           0.00  (VIOLATED: increase significant digits)
   dp/rf/n180                   0.00           0.00           0.00  (VIOLATED: increase significant digits)
   dp/rf/n184                   0.00           0.00           0.00  (VIOLATED: increase significant digits)
   dp/rf/n189                   0.00           0.00           0.00  (VIOLATED: increase significant digits)
   dp/rf/n193                   0.00           0.00           0.00  (VIOLATED: increase significant digits)
   dp/rf/n254                   0.00           0.00           0.00  (VIOLATED: increase significant digits)
   dp/rf/n258                   0.00           0.00           0.00  (VIOLATED: increase significant digits)
   dp/rf/n263                   0.00           0.00           0.00  (VIOLATED: increase significant digits)
   dp/rf/n267                   0.00           0.00           0.00  (VIOLATED: increase significant digits)
   dp/rf/n272                   0.00           0.00           0.00  (VIOLATED: increase significant digits)
   dp/rf/n276                   0.00           0.00           0.00  (VIOLATED: increase significant digits)
   dp/rf/n281                   0.00           0.00           0.00  (VIOLATED: increase significant digits)
   dp/rf/n286                   0.00           0.00           0.00  (VIOLATED: increase significant digits)
   dp/rf/n293                   0.00           0.00           0.00  (VIOLATED: increase significant digits)
   dp/rf/n299                   0.00           0.00           0.00  (VIOLATED: increase significant digits)
   dp/rf/n304                   0.00           0.00           0.00  (VIOLATED: increase significant digits)
   dp/rf/n308                   0.00           0.00           0.00  (VIOLATED: increase significant digits)
   dp/rf/n313                   0.00           0.00           0.00  (VIOLATED: increase significant digits)
   dp/rf/n317                   0.00           0.00           0.00  (VIOLATED: increase significant digits)
   dp/rf/n322                   0.00           0.00           0.00  (VIOLATED: increase significant digits)
   dp/rf/n326                   0.00           0.00           0.00  (VIOLATED: increase significant digits)
   dp/rf/n331                   0.00           0.00           0.00  (VIOLATED: increase significant digits)
   dp/rf/n335                   0.00           0.00           0.00  (VIOLATED: increase significant digits)
   dp/rf/n340                   0.00           0.00           0.00  (VIOLATED: increase significant digits)
   dp/rf/n344                   0.00           0.00           0.00  (VIOLATED: increase significant digits)
   dp/rf/n349                   0.00           0.00           0.00  (VIOLATED: increase significant digits)
   dp/rf/n353                   0.00           0.00           0.00  (VIOLATED: increase significant digits)
   dp/rf/n358                   0.00           0.00           0.00  (VIOLATED: increase significant digits)
   dp/rf/n362                   0.00           0.00           0.00  (VIOLATED: increase significant digits)
   dp/rf/n369                   0.00           0.00           0.00  (VIOLATED: increase significant digits)
   dp/rf/n376                   0.00           0.00           0.00  (VIOLATED: increase significant digits)
   dp/src2mux/n48               0.00           0.00           0.00  (VIOLATED: increase significant digits)
   dp/src2mux/n53               0.00           0.00           0.00  (VIOLATED: increase significant digits)
   dp/src2mux/n56               0.00           0.00           0.00  (VIOLATED: increase significant digits)
   dp/src2mux/n59               0.00           0.00           0.00  (VIOLATED: increase significant digits)
   dp/src2mux/n62               0.00           0.00           0.00  (VIOLATED: increase significant digits)
   dp/src2mux/n67               0.00           0.00           0.00  (VIOLATED: increase significant digits)
   cont/ac/n16                  0.00           0.00           0.00  (VIOLATED: increase significant digits)
   cont/outputlog/n24           0.00           0.00           0.00  (VIOLATED: increase significant digits)
   cont/outputlog/n28           0.00           0.00           0.00  (VIOLATED: increase significant digits)
   cont/outputlog/n41           0.00           0.00           0.00  (VIOLATED: increase significant digits)
   cont/statelog/n57            0.00           0.00           0.00  (VIOLATED: increase significant digits)
   dp/alunit/addblock/n82       0.00           0.00           0.00  (VIOLATED: increase significant digits)
   dp/alunit/resultmux/n46      0.00           0.00           0.00  (VIOLATED: increase significant digits)
   dp/alunit/resultmux/n47      0.00           0.00           0.00  (VIOLATED: increase significant digits)
   dp/pcmux/n28                 0.00           0.00           0.00  (VIOLATED: increase significant digits)
   dp/src2mux/n41               0.00           0.00           0.00  (VIOLATED: increase significant digits)
   writedata[0]                 0.00           0.00           0.00  (VIOLATED: increase significant digits)
   cont/outputlog/n32           0.00           0.00           0.00  (VIOLATED: increase significant digits)
   cont/outputlog/n37           0.00           0.00           0.00  (VIOLATED: increase significant digits)
   cont/outputlog/n44           0.00           0.00           0.00  (VIOLATED: increase significant digits)
   cont/statelog/n86            0.00           0.00           0.00  (VIOLATED: increase significant digits)
   dp/src2mux/n42               0.00           0.00           0.00  (VIOLATED: increase significant digits)
   cont/ac/n22                  0.00           0.00           0.00  (VIOLATED: increase significant digits)
   cont/statelog/n62            0.00           0.00           0.00  (VIOLATED: increase significant digits)
   cont/statelog/n68            0.00           0.00           0.00  (VIOLATED: increase significant digits)
   cont/statelog/n73            0.00           0.00           0.00  (VIOLATED: increase significant digits)
   cont/statelog/n90            0.00           0.00           0.00  (VIOLATED: increase significant digits)
   cont/statelog/n94            0.00           0.00           0.00  (VIOLATED: increase significant digits)
   cont/statelog/n97            0.00           0.00           0.00  (VIOLATED: increase significant digits)
   dp/alunit/addblock/n67       0.00           0.00           0.00  (VIOLATED: increase significant digits)
   dp/alunit/addblock/n73       0.00           0.00           0.00  (VIOLATED: increase significant digits)
   dp/alunit/addblock/n124      0.00           0.00           0.00  (VIOLATED: increase significant digits)
   dp/alunit/resultmux/n61      0.00           0.00           0.00  (VIOLATED: increase significant digits)
   dp/alunit/resultmux/n64      0.00           0.00           0.00  (VIOLATED: increase significant digits)
   dp/alunit/resultmux/n67      0.00           0.00           0.00  (VIOLATED: increase significant digits)
   dp/alunit/resultmux/n77      0.00           0.00           0.00  (VIOLATED: increase significant digits)
   dp/pcmux/n33                 0.00           0.00           0.00  (VIOLATED: increase significant digits)
   dp/pcmux/n36                 0.00           0.00           0.00  (VIOLATED: increase significant digits)
   dp/pcmux/n39                 0.00           0.00           0.00  (VIOLATED: increase significant digits)
   dp/pcmux/n44                 0.00           0.00           0.00  (VIOLATED: increase significant digits)
   dp/pcmux/n47                 0.00           0.00           0.00  (VIOLATED: increase significant digits)
   dp/pcmux/n52                 0.00           0.00           0.00  (VIOLATED: increase significant digits)
   dp/rf/n172                   0.00           0.00           0.00  (VIOLATED: increase significant digits)
   dp/rf/n176                   0.00           0.00           0.00  (VIOLATED: increase significant digits)
   dp/rf/n181                   0.00           0.00           0.00  (VIOLATED: increase significant digits)
   dp/rf/n185                   0.00           0.00           0.00  (VIOLATED: increase significant digits)
   dp/rf/n190                   0.00           0.00           0.00  (VIOLATED: increase significant digits)
   dp/rf/n194                   0.00           0.00           0.00  (VIOLATED: increase significant digits)
   dp/rf/n255                   0.00           0.00           0.00  (VIOLATED: increase significant digits)
   dp/rf/n259                   0.00           0.00           0.00  (VIOLATED: increase significant digits)
   dp/rf/n264                   0.00           0.00           0.00  (VIOLATED: increase significant digits)
   dp/rf/n268                   0.00           0.00           0.00  (VIOLATED: increase significant digits)
   dp/rf/n273                   0.00           0.00           0.00  (VIOLATED: increase significant digits)
   dp/rf/n277                   0.00           0.00           0.00  (VIOLATED: increase significant digits)
   dp/rf/n282                   0.00           0.00           0.00  (VIOLATED: increase significant digits)
   dp/rf/n287                   0.00           0.00           0.00  (VIOLATED: increase significant digits)
   dp/rf/n294                   0.00           0.00           0.00  (VIOLATED: increase significant digits)
   dp/rf/n300                   0.00           0.00           0.00  (VIOLATED: increase significant digits)
   dp/rf/n305                   0.00           0.00           0.00  (VIOLATED: increase significant digits)
   dp/rf/n309                   0.00           0.00           0.00  (VIOLATED: increase significant digits)
   dp/rf/n314                   0.00           0.00           0.00  (VIOLATED: increase significant digits)
   dp/rf/n318                   0.00           0.00           0.00  (VIOLATED: increase significant digits)
   dp/rf/n323                   0.00           0.00           0.00  (VIOLATED: increase significant digits)
   dp/rf/n327                   0.00           0.00           0.00  (VIOLATED: increase significant digits)
   dp/rf/n332                   0.00           0.00           0.00  (VIOLATED: increase significant digits)
   dp/rf/n336                   0.00           0.00           0.00  (VIOLATED: increase significant digits)
   dp/rf/n341                   0.00           0.00           0.00  (VIOLATED: increase significant digits)
   dp/rf/n345                   0.00           0.00           0.00  (VIOLATED: increase significant digits)
   dp/rf/n350                   0.00           0.00           0.00  (VIOLATED: increase significant digits)
   dp/rf/n354                   0.00           0.00           0.00  (VIOLATED: increase significant digits)
   dp/rf/n359                   0.00           0.00           0.00  (VIOLATED: increase significant digits)
   dp/rf/n363                   0.00           0.00           0.00  (VIOLATED: increase significant digits)
   dp/rf/n370                   0.00           0.00           0.00  (VIOLATED: increase significant digits)
   dp/rf/n377                   0.00           0.00           0.00  (VIOLATED: increase significant digits)
   dp/src2mux/n47               0.00           0.00           0.00  (VIOLATED: increase significant digits)
   dp/src2mux/n54               0.00           0.00           0.00  (VIOLATED: increase significant digits)
   dp/src2mux/n57               0.00           0.00           0.00  (VIOLATED: increase significant digits)
   dp/src2mux/n60               0.00           0.00           0.00  (VIOLATED: increase significant digits)
   dp/src2mux/n63               0.00           0.00           0.00  (VIOLATED: increase significant digits)
   dp/src2mux/n68               0.00           0.00           0.00  (VIOLATED: increase significant digits)
   alucontrol[2]                0.00           0.00           0.00  (VIOLATED: increase significant digits)
   cont/pcwrite                 0.00           0.00           0.00  (VIOLATED: increase significant digits)
   cont/statelog/n63            0.00           0.00           0.00  (VIOLATED: increase significant digits)
   cont/statelog/n74            0.00           0.00           0.00  (VIOLATED: increase significant digits)
   dp/alunit/addblock/n69       0.00           0.00           0.00  (VIOLATED: increase significant digits)
   dp/alunit/n6                 0.00           0.00           0.00  (VIOLATED: increase significant digits)
   dp/alunit/n9                 0.00           0.00           0.00  (VIOLATED: increase significant digits)
   dp/alunit/n10                0.00           0.00           0.00  (VIOLATED: increase significant digits)
   cont/outputlog/n30           0.00           0.00           0.00  (VIOLATED: increase significant digits)
   dp/alunit/addblock/n102      0.00           0.00           0.00  (VIOLATED: increase significant digits)
   dp/n16                       0.00           0.00           0.00  (VIOLATED: increase significant digits)
   dp/n17                       0.00           0.00           0.00  (VIOLATED: increase significant digits)
   dp/n18                       0.00           0.00           0.00  (VIOLATED: increase significant digits)
   dp/n19                       0.00           0.00           0.00  (VIOLATED: increase significant digits)
   dp/n20                       0.00           0.00           0.00  (VIOLATED: increase significant digits)
   dp/alunit/n16                0.00           0.00           0.00  (VIOLATED: increase significant digits)
   cont/statelog/n59            0.00           0.00           0.00  (VIOLATED: increase significant digits)
   dp/alunit/addblock/n74       0.00           0.00           0.00  (VIOLATED: increase significant digits)
   dp/alunit/addblock/n91       0.00           0.00           0.00  (VIOLATED: increase significant digits)
   dp/alunit/addblock/n105      0.00           0.00           0.00  (VIOLATED: increase significant digits)
   dp/rf/n392                   0.00           0.00           0.00  (VIOLATED: increase significant digits)
   cont/outputlog/n39           0.00           0.00           0.00  (VIOLATED: increase significant digits)
   dp/alunit/n14                0.00           0.00           0.00  (VIOLATED: increase significant digits)
   dp/alunit/b2[0]              0.00           0.00           0.00  (VIOLATED: increase significant digits)
   dp/alunit/addblock/n80       0.00           0.00           0.00  (VIOLATED: increase significant digits)
   dp/alunit/addblock/n85       0.00           0.00           0.00  (VIOLATED: increase significant digits)
   dp/alunit/addblock/n97       0.00           0.00           0.00  (VIOLATED: increase significant digits)
   dp/alunit/addblock/n104      0.00           0.00           0.00  (VIOLATED: increase significant digits)
   dp/alunit/addblock/n110      0.00           0.00           0.00  (VIOLATED: increase significant digits)
   dp/alunit/b2[7]              0.00           0.00           0.00  (VIOLATED: increase significant digits)
   dp/alunit/addblock/n89       0.00           0.00           0.00  (VIOLATED: increase significant digits)
   dp/alunit/addblock/n100      0.00           0.00           0.00  (VIOLATED: increase significant digits)
   cont/ac/n24                  0.00           0.00           0.00  (VIOLATED: increase significant digits)
   cont/statelog/n75            0.00           0.00           0.00  (VIOLATED: increase significant digits)
   cont/statelog/n103           0.00           0.00           0.00  (VIOLATED: increase significant digits)
   dp/alunit/addblock/n93       0.00           0.00           0.00  (VIOLATED: increase significant digits)
   dp/alunit/addblock/n99       0.00           0.00           0.00  (VIOLATED: increase significant digits)
   dp/alunit/addblock/n107      0.00           0.00           0.00  (VIOLATED: increase significant digits)
   dp/alunit/addblock/n60       0.00           0.00           0.00  (VIOLATED: increase significant digits)

   -----------------------------------------------------------------
   Total                      442                -0.66  

   max_area

                             Required        Actual
   Design                      Area           Area           Slack
   -----------------------------------------------------------------
   mips                         0.00       16270.99       -16270.99 (VIOLATED)


   max_leakage_power

                             Required        Actual
   Design                   Leakage Power  Leakage Power     Slack
   -----------------------------------------------------------------
   mips                         0.00          21.28         -21.28  (VIOLATED)


1
